// Vitest Snapshot v1, https://vitest.dev/guide/snapshot.html

exports[`deterministic priority scoring > reproduces the default Top 10 for each SDR 1`] = `
{
  "Rep A": [
    "American Friends Service Committee",
    "Trócaire",
    "Save the Children",
    "American Society for the Prevention of Cruelty to Animals",
    "OneGoal",
    "HIAS",
    "OpenStreetMap Foundation",
    "Vera Institute of Justice",
    "Pew Research Center",
    "World Wildlife Fund",
  ],
  "Rep B": [
    "PATH",
    "Education Development Center",
    "RSPCA",
    "CareerVillage.org",
    "Results for America",
    "JA Worldwide",
    "Big Brothers Big Sisters of America",
    "Depaul USA",
    "Cold Spring Harbor Laboratory",
    "Smile Train",
  ],
  "Rep C": [
    "No Kid Hungry",
    "Alley Cat Allies",
    "Feeding America",
    "Zakat Foundation of America",
    "VolunteerMatch",
    "RAND Corporation",
    "Aga Khan Foundation USA",
    "The Chicago Community Trust",
    "Make-A-Wish America",
    "Adventist Development and Relief Agency",
  ],
  "Rep D": [
    "Volunteers of America",
    "Team Rubicon",
    "Girls Who Code",
    "International Refugee Assistance Project",
    "Lutheran World Relief",
    "Heifer International",
    "Christian Aid",
    "Orbis International",
    "St. Jude Children's Research Hospital",
    "Electronic Frontier Foundation",
  ],
}
`;
